#############################################################
# Paste test factors here.
# Check the documents for more details.
# https://github.com/Microsoft/pict/blob/master/doc/pict.md
#############################################################

Browser: Google Chrome, Firefox, Yandex Browser, Edge, Safari, Safari mobile, Chrome mobile
OC: Windows 10, Windows 8, Windows 7, MacOS, Android, iOS

if [Browser] = "Safari mobile" then [OC] = "Android" or [OC] = "iOS";
if [Browser] = "Chrome mobile" then [OC] = "iOS" or [OC] = "Android";
